{
  "_type": "VAST",
  "ads": {
    "_type": "SortedList",
    "_value": [
      {
        "_type": "Wrapper",
        "adSystem": {
          "_type": "AdSystem",
          "name": "Test Ad Server",
          "version": "1.0"
        },
        "allowMultipleAds": false,
        "creatives": {
          "_type": "SortedList",
          "_value": [
          ]
        },
        "errors": [
        ],
        "extensions": [
        ],
        "fallbackOnNoAd": false,
        "followAdditionalWrappers": false,
        "id": "55217",
        "impressions": [
        ]
      }
    ]
  },
  "errors": [
  ],
  "version": "3.0"
}
