{
  "_type": "VAST",
  "ads": {
    "_type": "SortedList",
    "_value": [
      {
        "_type": "Wrapper",
        "adSystem": {
          "_type": "AdSystem",
          "name": "Acudeo Compatible"
        },
        "allowMultipleAds": false,
        "creatives": {
          "_type": "SortedList",
          "_value": [
            {
              "_type": "Linear",
              "adID": "602867",
              "extensions": [
              ],
              "icons": [
              ],
              "mediaFiles": [
              ],
              "trackingEvents": {
                "_type": "TrackingEvents",
                "_value": {
                }
              },
              "videoClicks": {
                "_type": "VideoClicks",
                "clickTrackings": [
                ],
                "customClicks": [
                ]
              }
            },
            {
              "_type": "NonLinearAds",
              "adID": "602867-NonLinearTracking",
              "extensions": [
              ],
              "nonLinears": [
              ],
              "trackingEvents": {
                "_type": "TrackingEvents",
                "_value": {
                  "acceptInvitation": [
                    {
                      "_uri": "http://myTrackingURL/wrapper/nonlinear/creativeView/acceptInvitation"
                    }
                  ],
                  "close": [
                    {
                      "_uri": "http://myTrackingURL/wrapper/nonlinear/creativeView/close"
                    }
                  ],
                  "collapse": [
                    {
                      "_uri": "http://myTrackingURL/wrapper/nonlinear/creativeView/collapse"
                    }
                  ],
                  "creativeView": [
                    {
                      "_uri": "http://myTrackingURL/wrapper/nonlinear/creativeView/creativeView"
                    }
                  ],
                  "expand": [
                    {
                      "_uri": "http://myTrackingURL/wrapper/nonlinear/creativeView/expand"
                    }
                  ]
                }
              }
            }
          ]
        },
        "error": "http://myErrorURL/wrapper/error",
        "extensions": [
        ],
        "fallbackOnNoAd": false,
        "followAdditionalWrappers": false,
        "id": "602867",
        "impressions": [
          {
            "_type": "Impression",
            "uri": "http://myTrackingURL/wrapper/impression"
          }
        ],
        "vastAdTagURI": "http://demo.tremormedia.com/proddev/vast/vast_inline_nonlinear2.xml"
      }
    ]
  },
  "errors": [
  ],
  "version": "2.0"
}